{"logTime": "1111/092843", "correlationVector":"09rChRSWzLWg8Jfy8LxvTB.1","action":"SyncServerConnectionManagerRequest", "result":"SYNC_SERVER_OK", "context":{"environment":"Prod_southeastasia_prod-s01-064-apac-southeastasia", "migrationStage":"NotStarted", "server":"akswtt106000008"}}
{"logTime": "1111/092843", "correlationVector":"09rChRSWzLWg8Jfy8LxvTB.2","action":"ProcessGetUpdates", "result":"Done", "context":{"dataType":"Encryption Keys", "deleted":"0", "process_failed_to_decrypt":"0", "process_pending_decryption":"0", "process_success":"1", "total":"1"}}
{"logTime": "1111/092843", "correlationVector":"f5mL7hrt+ucgR3YJrAT1yG","action":"SyncServerConnectionManagerRequest", "result":"SYNC_SERVER_OK", "context":{"environment":"", "migrationStage":"", "server":""}}
{"logTime": "1111/092843", "correlationVector":"f5mL7hrt+ucgR3YJrAT1yG.0","action":"EncryptionKeysFetcher.DownloadKeys:", "result":"Success", "context":Key count: 5, Last key timestamp: 2025-09-10T04:31:58Z}
{"logTime": "1111/092843", "correlationVector":"f5mL7hrt+ucgR3YJrAT1yG.1","action":"EncryptionKeysManager::SetEncryptionKeys:", "result":"Success", "context":Key names[5]:[P8DS2OpmB+sQ3/oTeTKLFpn0o6eFy4mMiBMRJTM2uMit5v0/9U3G6fMPkKi7KaVmEO49a++OkTuvWSGxpCxwKQ==][DW6cUHO9MH4ki609fUW1rp+Y130tnYYRCAMg7yyO21bLbk/eSt1+V9dqo/X/+r3wDUzC7L1y2J39GisXaQ0XDw==][mLO+tpuw5CvzX9BPDIRxX9T5gZfsUCyohM8cXZ00VaFXEj9vYSd0zzqoztiibnZmzf040bOMHWF3fMeGQXYY6Q==][A0Lc9A9W1eoYlXAUA2hkD7hCdN9Uc9hliaYwjihrsvYKejfs5rStiQVG8C3JIop2F8+G3ZV22HiUE2INJXeodg==][ifYLP+eXfdENet2V5/r3+CLaNTLe/22ONpgosxEZl0gfKqYg/smIRUD2beHOzjwZzZOlZ03iPiHt0HL9qn5fIA==]}
{"logTime": "1111/092843", "correlationVector":"f5mL7hrt+ucgR3YJrAT1yG.2","action":"EncryptionKeysManager::SetEncryptionKeysWithTimestamps:", "result":"Success", "context":Key timestamps[5]:[2023-09-18T08:52:52Z][2024-03-18T05:04:00Z][2024-09-14T11:44:51Z][2025-03-13T13:20:28Z][2025-09-10T04:31:58Z]}
{"logTime": "1111/092843", "correlationVector":"09rChRSWzLWg8Jfy8LxvTB","action":"Initial GetUpdates", "result":"", "context":Reason: NEW_CLIENT. cV=09rChRSWzLWg8Jfy8LxvTB}
{"logTime": "1111/092843", "correlationVector":"09rChRSWzLWg8Jfy8LxvTB.3","action":"GetUpdates Response", "result":"Success", "context":Received 1 update(s). cV=09rChRSWzLWg8Jfy8LxvTB.0;server=akswtt106000008;cloudType=Consumer;environment=Prod_southeastasia_prod-s01-064-apac-southeastasia;migrationStage=NotStarted}
{"logTime": "1111/092843", "correlationVector":"Tti3jKhkVlgs5iwQ37NXgw","action":"Initial GetUpdates", "result":"", "context":Reason: NEWLY_SUPPORTED_DATATYPE. cV=Tti3jKhkVlgs5iwQ37NXgw}
{"logTime": "1111/092844", "correlationVector":"Tti3jKhkVlgs5iwQ37NXgw.1","action":"SyncServerConnectionManagerRequest", "result":"SYNC_SERVER_OK", "context":{"environment":"Prod_southeastasia_prod-s01-064-apac-southeastasia", "migrationStage":"NotStarted", "server":"akswtt10600000l"}}
{"logTime": "1111/092844", "correlationVector":"Tti3jKhkVlgs5iwQ37NXgw.2","action":"ProcessGetUpdates", "result":"Done", "context":{"dataType":"Preferences", "deleted":"0", "process_failed_to_decrypt":"0", "process_pending_decryption":"0", "process_success":"89", "total":"89"}}
{"logTime": "1111/092844", "correlationVector":"Tti3jKhkVlgs5iwQ37NXgw.3","action":"ProcessGetUpdates", "result":"Done", "context":{"dataType":"Passwords", "deleted":"2", "process_failed_to_decrypt":"0", "process_pending_decryption":"0", "process_success":"68", "total":"68"}}
{"logTime": "1111/092844", "correlationVector":"Tti3jKhkVlgs5iwQ37NXgw.4","action":"ProcessGetUpdates", "result":"Done", "context":{"dataType":"Device Info", "deleted":"0", "process_failed_to_decrypt":"0", "process_pending_decryption":"0", "process_success":"5", "total":"5"}}
{"logTime": "1111/092844", "correlationVector":"Tti3jKhkVlgs5iwQ37NXgw.5","action":"GetUpdates Response", "result":"Success", "context":Received 162 update(s). cV=Tti3jKhkVlgs5iwQ37NXgw.0;server=akswtt10600000l;cloudType=Consumer;environment=Prod_southeastasia_prod-s01-064-apac-southeastasia;migrationStage=NotStarted}
{"logTime": "1111/092844", "correlationVector":"OV0KtUPlm51djBT1bimWSS","action":"Initial GetUpdates", "result":"", "context":Reason: NEWLY_SUPPORTED_DATATYPE. cV=OV0KtUPlm51djBT1bimWSS}
{"logTime": "1111/092845", "correlationVector":"OV0KtUPlm51djBT1bimWSS.1","action":"SyncServerConnectionManagerRequest", "result":"SYNC_SERVER_OK", "context":{"environment":"Prod_southeastasia_prod-s01-064-apac-southeastasia", "migrationStage":"NotStarted", "server":"akswtt10600000k"}}
{"logTime": "1111/092845", "correlationVector":"OV0KtUPlm51djBT1bimWSS.2","action":"ProcessGetUpdates", "result":"Done", "context":{"dataType":"Bookmarks", "deleted":"3", "process_failed_to_decrypt":"0", "process_pending_decryption":"0", "process_success":"23", "total":"23"}}
{"logTime": "1111/092845", "correlationVector":"OV0KtUPlm51djBT1bimWSS.3","action":"GetUpdates Response", "result":"Success", "context":Received 23 update(s). cV=OV0KtUPlm51djBT1bimWSS.0;server=akswtt10600000k;cloudType=Consumer;environment=Prod_southeastasia_prod-s01-064-apac-southeastasia;migrationStage=NotStarted}
{"logTime": "1111/092845", "correlationVector":"5aVe2uSp6J3UktkFk140vV","action":"Initial GetUpdates", "result":"", "context":Reason: NEWLY_SUPPORTED_DATATYPE. cV=5aVe2uSp6J3UktkFk140vV}
{"logTime": "1111/092846", "correlationVector":"5aVe2uSp6J3UktkFk140vV.1","action":"SyncServerConnectionManagerRequest", "result":"SYNC_SERVER_OK", "context":{"environment":"Prod_southeastasia_prod-s01-064-apac-southeastasia", "migrationStage":"NotStarted", "server":"akswtt10600000y"}}
{"logTime": "1111/092846", "correlationVector":"5aVe2uSp6J3UktkFk140vV.2","action":"ProcessGetUpdates", "result":"Done", "context":{"dataType":"Autofill", "deleted":"0", "process_failed_to_decrypt":"0", "process_pending_decryption":"0", "process_success":"124", "total":"124"}}
{"logTime": "1111/092846", "correlationVector":"5aVe2uSp6J3UktkFk140vV.3","action":"ProcessGetUpdates", "result":"Done", "context":{"dataType":"Sessions", "deleted":"122", "process_failed_to_decrypt":"0", "process_pending_decryption":"0", "process_success":"122", "total":"122"}}
{"logTime": "1111/092846", "correlationVector":"5aVe2uSp6J3UktkFk140vV.4","action":"ProcessGetUpdates", "result":"Done", "context":{"dataType":"Saved Tab Group", "deleted":"3", "process_failed_to_decrypt":"0", "process_pending_decryption":"0", "process_success":"3", "total":"3"}}
{"logTime": "1111/092846", "correlationVector":"5aVe2uSp6J3UktkFk140vV.5","action":"ProcessGetUpdates", "result":"Done", "context":{"dataType":"Edge Hub App Usage", "deleted":"0", "process_failed_to_decrypt":"0", "process_pending_decryption":"0", "process_success":"1", "total":"1"}}
{"logTime": "1111/092846", "correlationVector":"5aVe2uSp6J3UktkFk140vV.6","action":"GetUpdates Response", "result":"Success", "context":Received 250 update(s). cV=5aVe2uSp6J3UktkFk140vV.0;server=akswtt10600000y;cloudType=Consumer;environment=Prod_southeastasia_prod-s01-064-apac-southeastasia;migrationStage=NotStarted Some updates remain.}
{"logTime": "1111/092846", "correlationVector":"EBEHIAqjTLmxFpm6/3tquh","action":"Initial GetUpdates", "result":"", "context":Reason: NEWLY_SUPPORTED_DATATYPE. cV=EBEHIAqjTLmxFpm6/3tquh}
{"logTime": "1111/092847", "correlationVector":"EBEHIAqjTLmxFpm6/3tquh.1","action":"SyncServerConnectionManagerRequest", "result":"SYNC_SERVER_OK", "context":{"environment":"Prod_southeastasia_prod-s01-064-apac-southeastasia", "migrationStage":"NotStarted", "server":"akswtt106000011"}}
{"logTime": "1111/092847", "correlationVector":"EBEHIAqjTLmxFpm6/3tquh.2","action":"ProcessGetUpdates", "result":"Done", "context":{"dataType":"Autofill Profiles", "deleted":"0", "process_failed_to_decrypt":"0", "process_pending_decryption":"0", "process_success":"23", "total":"23"}}
{"logTime": "1111/092847", "correlationVector":"EBEHIAqjTLmxFpm6/3tquh.3","action":"ProcessGetUpdates", "result":"Done", "context":{"dataType":"Autofill", "deleted":"0", "process_failed_to_decrypt":"0", "process_pending_decryption":"0", "process_success":"95", "total":"95"}}
{"logTime": "1111/092847", "correlationVector":"EBEHIAqjTLmxFpm6/3tquh.4","action":"ProcessGetUpdates", "result":"Done", "context":{"dataType":"Sessions", "deleted":"132", "process_failed_to_decrypt":"0", "process_pending_decryption":"0", "process_success":"132", "total":"132"}}
{"logTime": "1111/092847", "correlationVector":"EBEHIAqjTLmxFpm6/3tquh.5","action":"GetUpdates Response", "result":"Success", "context":Received 250 update(s). cV=EBEHIAqjTLmxFpm6/3tquh.0;server=akswtt106000011;cloudType=Consumer;environment=Prod_southeastasia_prod-s01-064-apac-southeastasia;migrationStage=NotStarted Some updates remain.}
{"logTime": "1111/092847", "correlationVector":"1mbKaK6KOUWwAsRaQYB9R2","action":"Initial GetUpdates", "result":"", "context":Reason: NEWLY_SUPPORTED_DATATYPE. cV=1mbKaK6KOUWwAsRaQYB9R2}
{"logTime": "1111/092848", "correlationVector":"1mbKaK6KOUWwAsRaQYB9R2.1","action":"SyncServerConnectionManagerRequest", "result":"SYNC_SERVER_OK", "context":{"environment":"Prod_southeastasia_prod-s01-064-apac-southeastasia", "migrationStage":"NotStarted", "server":"akswtt106000008"}}
{"logTime": "1111/092848", "correlationVector":"1mbKaK6KOUWwAsRaQYB9R2.2","action":"ProcessGetUpdates", "result":"Done", "context":{"dataType":"Autofill", "deleted":"0", "process_failed_to_decrypt":"0", "process_pending_decryption":"0", "process_success":"127", "total":"127"}}
{"logTime": "1111/092848", "correlationVector":"1mbKaK6KOUWwAsRaQYB9R2.3","action":"ProcessGetUpdates", "result":"Done", "context":{"dataType":"Sessions", "deleted":"120", "process_failed_to_decrypt":"0", "process_pending_decryption":"0", "process_success":"120", "total":"120"}}
{"logTime": "1111/092848", "correlationVector":"1mbKaK6KOUWwAsRaQYB9R2.4","action":"ProcessGetUpdates", "result":"Done", "context":{"dataType":"Edge Hub App Usage", "deleted":"0", "process_failed_to_decrypt":"0", "process_pending_decryption":"0", "process_success":"3", "total":"3"}}
{"logTime": "1111/092848", "correlationVector":"1mbKaK6KOUWwAsRaQYB9R2.5","action":"GetUpdates Response", "result":"Success", "context":Received 250 update(s). cV=1mbKaK6KOUWwAsRaQYB9R2.0;server=akswtt106000008;cloudType=Consumer;environment=Prod_southeastasia_prod-s01-064-apac-southeastasia;migrationStage=NotStarted Some updates remain.}
{"logTime": "1111/092848", "correlationVector":"AVMwK8af8Yn7D+AQaWmJW9","action":"Initial GetUpdates", "result":"", "context":Reason: NEWLY_SUPPORTED_DATATYPE. cV=AVMwK8af8Yn7D+AQaWmJW9}
{"logTime": "1111/092848", "correlationVector":"AVMwK8af8Yn7D+AQaWmJW9.1","action":"SyncServerConnectionManagerRequest", "result":"SYNC_SERVER_OK", "context":{"environment":"Prod_southeastasia_prod-s01-064-apac-southeastasia", "migrationStage":"NotStarted", "server":"akswtt106000013"}}
{"logTime": "1111/092848", "correlationVector":"AVMwK8af8Yn7D+AQaWmJW9.2","action":"ProcessGetUpdates", "result":"Done", "context":{"dataType":"Autofill Profiles", "deleted":"4", "process_failed_to_decrypt":"0", "process_pending_decryption":"0", "process_success":"7", "total":"7"}}
{"logTime": "1111/092848", "correlationVector":"AVMwK8af8Yn7D+AQaWmJW9.3","action":"ProcessGetUpdates", "result":"Done", "context":{"dataType":"Autofill", "deleted":"0", "process_failed_to_decrypt":"0", "process_pending_decryption":"0", "process_success":"21", "total":"21"}}
{"logTime": "1111/092848", "correlationVector":"AVMwK8af8Yn7D+AQaWmJW9.4","action":"ProcessGetUpdates", "result":"Done", "context":{"dataType":"Sessions", "deleted":"216", "process_failed_to_decrypt":"0", "process_pending_decryption":"0", "process_success":"218", "total":"218"}}
{"logTime": "1111/092848", "correlationVector":"AVMwK8af8Yn7D+AQaWmJW9.5","action":"ProcessGetUpdates", "result":"Done", "context":{"dataType":"Edge Hub App Usage", "deleted":"0", "process_failed_to_decrypt":"0", "process_pending_decryption":"0", "process_success":"4", "total":"4"}}
{"logTime": "1111/092848", "correlationVector":"AVMwK8af8Yn7D+AQaWmJW9.6","action":"GetUpdates Response", "result":"Success", "context":Received 250 update(s). cV=AVMwK8af8Yn7D+AQaWmJW9.0;server=akswtt106000013;cloudType=Consumer;environment=Prod_southeastasia_prod-s01-064-apac-southeastasia;migrationStage=NotStarted Some updates remain.}
{"logTime": "1111/092848", "correlationVector":"O+mJQbx4U6GRuFWNqtRNc8","action":"Initial GetUpdates", "result":"", "context":Reason: NEWLY_SUPPORTED_DATATYPE. cV=O+mJQbx4U6GRuFWNqtRNc8}
{"logTime": "1111/092848", "correlationVector":"O+mJQbx4U6GRuFWNqtRNc8.1","action":"SyncServerConnectionManagerRequest", "result":"SYNC_SERVER_OK", "context":{"environment":"Prod_southeastasia_prod-s01-064-apac-southeastasia", "migrationStage":"NotStarted", "server":"akswtt106000011"}}
{"logTime": "1111/092848", "correlationVector":"O+mJQbx4U6GRuFWNqtRNc8.2","action":"ProcessGetUpdates", "result":"Done", "context":{"dataType":"Autofill Profiles", "deleted":"0", "process_failed_to_decrypt":"0", "process_pending_decryption":"0", "process_success":"3", "total":"3"}}
{"logTime": "1111/092848", "correlationVector":"O+mJQbx4U6GRuFWNqtRNc8.3","action":"ProcessGetUpdates", "result":"Done", "context":{"dataType":"Autofill", "deleted":"0", "process_failed_to_decrypt":"0", "process_pending_decryption":"0", "process_success":"8", "total":"8"}}
{"logTime": "1111/092848", "correlationVector":"O+mJQbx4U6GRuFWNqtRNc8.4","action":"ProcessGetUpdates", "result":"Done", "context":{"dataType":"Sessions", "deleted":"53", "process_failed_to_decrypt":"0", "process_pending_decryption":"0", "process_success":"62", "total":"62"}}
{"logTime": "1111/092848", "correlationVector":"O+mJQbx4U6GRuFWNqtRNc8.5","action":"ProcessGetUpdates", "result":"Done", "context":{"dataType":"Edge Hub App Usage", "deleted":"1", "process_failed_to_decrypt":"0", "process_pending_decryption":"0", "process_success":"2", "total":"2"}}
{"logTime": "1111/092848", "correlationVector":"O+mJQbx4U6GRuFWNqtRNc8.6","action":"GetUpdates Response", "result":"Success", "context":Received 75 update(s). cV=O+mJQbx4U6GRuFWNqtRNc8.0;server=akswtt106000011;cloudType=Consumer;environment=Prod_southeastasia_prod-s01-064-apac-southeastasia;migrationStage=NotStarted}
{"logTime": "1111/092848", "correlationVector":"IjJGTWR4JZzwuX6yZcT3QB","action":"Initial GetUpdates", "result":"", "context":Reason: NEWLY_SUPPORTED_DATATYPE. cV=IjJGTWR4JZzwuX6yZcT3QB}
{"logTime": "1111/092849", "correlationVector":"IjJGTWR4JZzwuX6yZcT3QB.1","action":"SyncServerConnectionManagerRequest", "result":"SYNC_SERVER_OK", "context":{"environment":"Prod_southeastasia_prod-s01-064-apac-southeastasia", "migrationStage":"NotStarted", "server":"akswtt106000010"}}
{"logTime": "1111/092849", "correlationVector":"IjJGTWR4JZzwuX6yZcT3QB.2","action":"ProcessGetUpdates", "result":"Done", "context":{"dataType":"History", "deleted":"0", "process_failed_to_decrypt":"0", "process_pending_decryption":"0", "process_success":"250", "total":"250"}}
{"logTime": "1111/092849", "correlationVector":"IjJGTWR4JZzwuX6yZcT3QB.3","action":"GetUpdates Response", "result":"Success", "context":Received 250 update(s). cV=IjJGTWR4JZzwuX6yZcT3QB.0;server=akswtt106000010;cloudType=Consumer;environment=Prod_southeastasia_prod-s01-064-apac-southeastasia;migrationStage=NotStarted Some updates remain.}
{"logTime": "1111/092849", "correlationVector":"7wNWJRlB5x+ZlTj2X60aIQ","action":"Initial GetUpdates", "result":"", "context":Reason: NEWLY_SUPPORTED_DATATYPE. cV=7wNWJRlB5x+ZlTj2X60aIQ}
{"logTime": "1111/092850", "correlationVector":"7wNWJRlB5x+ZlTj2X60aIQ.1","action":"SyncServerConnectionManagerRequest", "result":"SYNC_SERVER_OK", "context":{"environment":"Prod_southeastasia_prod-s01-064-apac-southeastasia", "migrationStage":"NotStarted", "server":"akswtt10600001t"}}
{"logTime": "1111/092850", "correlationVector":"7wNWJRlB5x+ZlTj2X60aIQ.2","action":"ProcessGetUpdates", "result":"Done", "context":{"dataType":"History", "deleted":"0", "process_failed_to_decrypt":"0", "process_pending_decryption":"0", "process_success":"250", "total":"250"}}
{"logTime": "1111/092850", "correlationVector":"7wNWJRlB5x+ZlTj2X60aIQ.3","action":"GetUpdates Response", "result":"Success", "context":Received 250 update(s). cV=7wNWJRlB5x+ZlTj2X60aIQ.0;server=akswtt10600001t;cloudType=Consumer;environment=Prod_southeastasia_prod-s01-064-apac-southeastasia;migrationStage=NotStarted Some updates remain.}
{"logTime": "1111/092850", "correlationVector":"O5O0PFd/a8StXCY5m92gvu","action":"Initial GetUpdates", "result":"", "context":Reason: NEWLY_SUPPORTED_DATATYPE. cV=O5O0PFd/a8StXCY5m92gvu}
{"logTime": "1111/092852", "correlationVector":"O5O0PFd/a8StXCY5m92gvu.1","action":"SyncServerConnectionManagerRequest", "result":"SYNC_SERVER_OK", "context":{"environment":"Prod_southeastasia_prod-s01-064-apac-southeastasia", "migrationStage":"NotStarted", "server":"akswtt106000008"}}
{"logTime": "1111/092852", "correlationVector":"O5O0PFd/a8StXCY5m92gvu.2","action":"ProcessGetUpdates", "result":"Done", "context":{"dataType":"History", "deleted":"0", "process_failed_to_decrypt":"0", "process_pending_decryption":"0", "process_success":"250", "total":"250"}}
{"logTime": "1111/092852", "correlationVector":"O5O0PFd/a8StXCY5m92gvu.3","action":"GetUpdates Response", "result":"Success", "context":Received 250 update(s). cV=O5O0PFd/a8StXCY5m92gvu.0;server=akswtt106000008;cloudType=Consumer;environment=Prod_southeastasia_prod-s01-064-apac-southeastasia;migrationStage=NotStarted Some updates remain.}
{"logTime": "1111/092852", "correlationVector":"q5uHKJpFuRbg3pLsz1bYEQ","action":"Initial GetUpdates", "result":"", "context":Reason: NEWLY_SUPPORTED_DATATYPE. cV=q5uHKJpFuRbg3pLsz1bYEQ}
{"logTime": "1111/092852", "correlationVector":"q5uHKJpFuRbg3pLsz1bYEQ.1","action":"SyncServerConnectionManagerRequest", "result":"SYNC_SERVER_OK", "context":{"environment":"Prod_southeastasia_prod-s01-064-apac-southeastasia", "migrationStage":"NotStarted", "server":"akswtt10600001t"}}
{"logTime": "1111/092852", "correlationVector":"q5uHKJpFuRbg3pLsz1bYEQ.2","action":"ProcessGetUpdates", "result":"Done", "context":{"dataType":"History", "deleted":"0", "process_failed_to_decrypt":"0", "process_pending_decryption":"0", "process_success":"250", "total":"250"}}
{"logTime": "1111/092852", "correlationVector":"q5uHKJpFuRbg3pLsz1bYEQ.3","action":"GetUpdates Response", "result":"Success", "context":Received 250 update(s). cV=q5uHKJpFuRbg3pLsz1bYEQ.0;server=akswtt10600001t;cloudType=Consumer;environment=Prod_southeastasia_prod-s01-064-apac-southeastasia;migrationStage=NotStarted Some updates remain.}
{"logTime": "1111/092852", "correlationVector":"OEcefEbROAxCtweiDd/BVT","action":"Initial GetUpdates", "result":"", "context":Reason: NEWLY_SUPPORTED_DATATYPE. cV=OEcefEbROAxCtweiDd/BVT}
{"logTime": "1111/092853", "correlationVector":"OEcefEbROAxCtweiDd/BVT.1","action":"SyncServerConnectionManagerRequest", "result":"SYNC_SERVER_OK", "context":{"environment":"Prod_southeastasia_prod-s01-064-apac-southeastasia", "migrationStage":"NotStarted", "server":"akswtt106000008"}}
{"logTime": "1111/092853", "correlationVector":"OEcefEbROAxCtweiDd/BVT.2","action":"ProcessGetUpdates", "result":"Done", "context":{"dataType":"History", "deleted":"0", "process_failed_to_decrypt":"0", "process_pending_decryption":"0", "process_success":"250", "total":"250"}}
{"logTime": "1111/092853", "correlationVector":"OEcefEbROAxCtweiDd/BVT.3","action":"GetUpdates Response", "result":"Success", "context":Received 250 update(s). cV=OEcefEbROAxCtweiDd/BVT.0;server=akswtt106000008;cloudType=Consumer;environment=Prod_southeastasia_prod-s01-064-apac-southeastasia;migrationStage=NotStarted Some updates remain.}
{"logTime": "1111/092853", "correlationVector":"KRmHCS73SwuhJi+U0W5BJr","action":"Initial GetUpdates", "result":"", "context":Reason: NEWLY_SUPPORTED_DATATYPE. cV=KRmHCS73SwuhJi+U0W5BJr}
{"logTime": "1111/092855", "correlationVector":"KRmHCS73SwuhJi+U0W5BJr.1","action":"SyncServerConnectionManagerRequest", "result":"SYNC_SERVER_OK", "context":{"environment":"Prod_southindia_prod-s01-004-apac-southindia", "migrationStage":"NotStarted", "server":"akswtt02100004n"}}
{"logTime": "1111/092855", "correlationVector":"KRmHCS73SwuhJi+U0W5BJr.2","action":"ProcessGetUpdates", "result":"Done", "context":{"dataType":"History", "deleted":"0", "process_failed_to_decrypt":"0", "process_pending_decryption":"0", "process_success":"250", "total":"250"}}
{"logTime": "1111/092855", "correlationVector":"KRmHCS73SwuhJi+U0W5BJr.3","action":"GetUpdates Response", "result":"Success", "context":Received 250 update(s). cV=KRmHCS73SwuhJi+U0W5BJr.0;server=akswtt02100004n;cloudType=Consumer;environment=Prod_southindia_prod-s01-004-apac-southindia;migrationStage=NotStarted Some updates remain.}
{"logTime": "1111/092855", "correlationVector":"UQ0i37bj2tdpWh+xKXUeCv","action":"Initial GetUpdates", "result":"", "context":Reason: NEWLY_SUPPORTED_DATATYPE. cV=UQ0i37bj2tdpWh+xKXUeCv}
{"logTime": "1111/092856", "correlationVector":"UQ0i37bj2tdpWh+xKXUeCv.1","action":"SyncServerConnectionManagerRequest", "result":"SYNC_SERVER_OK", "context":{"environment":"Prod_japaneast_prod-s01-061-apac-japaneast", "migrationStage":"NotStarted", "server":"akswtt10600000n"}}
{"logTime": "1111/092856", "correlationVector":"UQ0i37bj2tdpWh+xKXUeCv.2","action":"ProcessGetUpdates", "result":"Done", "context":{"dataType":"History", "deleted":"0", "process_failed_to_decrypt":"0", "process_pending_decryption":"0", "process_success":"250", "total":"250"}}
{"logTime": "1111/092856", "correlationVector":"UQ0i37bj2tdpWh+xKXUeCv.3","action":"GetUpdates Response", "result":"Success", "context":Received 250 update(s). cV=UQ0i37bj2tdpWh+xKXUeCv.0;server=akswtt10600000n;cloudType=Consumer;environment=Prod_japaneast_prod-s01-061-apac-japaneast;migrationStage=NotStarted Some updates remain.}
{"logTime": "1111/092856", "correlationVector":"yt3bnrFaAyK7+I2Bi6R5ct","action":"Initial GetUpdates", "result":"", "context":Reason: NEWLY_SUPPORTED_DATATYPE. cV=yt3bnrFaAyK7+I2Bi6R5ct}
{"logTime": "1111/092857", "correlationVector":"yt3bnrFaAyK7+I2Bi6R5ct.1","action":"SyncServerConnectionManagerRequest", "result":"SYNC_SERVER_OK", "context":{"environment":"Prod_japaneast_prod-s01-061-apac-japaneast", "migrationStage":"NotStarted", "server":"akswtt10600000n"}}
{"logTime": "1111/092857", "correlationVector":"yt3bnrFaAyK7+I2Bi6R5ct.2","action":"ProcessGetUpdates", "result":"Done", "context":{"dataType":"History", "deleted":"0", "process_failed_to_decrypt":"0", "process_pending_decryption":"0", "process_success":"250", "total":"250"}}
{"logTime": "1111/092857", "correlationVector":"yt3bnrFaAyK7+I2Bi6R5ct.3","action":"GetUpdates Response", "result":"Success", "context":Received 250 update(s). cV=yt3bnrFaAyK7+I2Bi6R5ct.0;server=akswtt10600000n;cloudType=Consumer;environment=Prod_japaneast_prod-s01-061-apac-japaneast;migrationStage=NotStarted Some updates remain.}
{"logTime": "1111/092857", "correlationVector":"OzEfNpt1geZfrb8HGtF8lf","action":"Initial GetUpdates", "result":"", "context":Reason: NEWLY_SUPPORTED_DATATYPE. cV=OzEfNpt1geZfrb8HGtF8lf}
{"logTime": "1111/092857", "correlationVector":"OzEfNpt1geZfrb8HGtF8lf.1","action":"SyncServerConnectionManagerRequest", "result":"SYNC_SERVER_OK", "context":{"environment":"Prod_japaneast_prod-s01-061-apac-japaneast", "migrationStage":"NotStarted", "server":"akswtt10600001z"}}
{"logTime": "1111/092857", "correlationVector":"OzEfNpt1geZfrb8HGtF8lf.2","action":"ProcessGetUpdates", "result":"Done", "context":{"dataType":"History", "deleted":"0", "process_failed_to_decrypt":"0", "process_pending_decryption":"0", "process_success":"37", "total":"37"}}
{"logTime": "1111/092857", "correlationVector":"OzEfNpt1geZfrb8HGtF8lf.3","action":"GetUpdates Response", "result":"Success", "context":Received 37 update(s). cV=OzEfNpt1geZfrb8HGtF8lf.0;server=akswtt10600001z;cloudType=Consumer;environment=Prod_japaneast_prod-s01-061-apac-japaneast;migrationStage=NotStarted}
{"logTime": "1111/092857", "correlationVector":"qedRWE3J6IU5fmBymvnKQS","action":"Normal GetUpdate request", "result":"", "context":cV=qedRWE3J6IU5fmBymvnKQS
Nudged types: Preferences, Passwords, Sessions, Device Info, User Consents, History
Refresh requested types: Bookmarks, Preferences, Passwords, Autofill Profiles, Autofill, Extensions, Sessions, Extension settings, History Delete Directives, Device Info, User Consents, Send Tab To Self, Web Apps, History, Saved Tab Group, WebAuthn Credentials, Collection, Edge E Drop, Edge Hub App Usage, Edge Wallet, Encryption Keys}
{"logTime": "1111/092858", "correlationVector":"qedRWE3J6IU5fmBymvnKQS.1","action":"SyncServerConnectionManagerRequest", "result":"SYNC_SERVER_OK", "context":{"environment":"Prod_japaneast_prod-s01-061-apac-japaneast", "migrationStage":"NotStarted", "server":"akswtt10600000n"}}
{"logTime": "1111/092858", "correlationVector":"qedRWE3J6IU5fmBymvnKQS.2","action":"GetUpdates Response", "result":"Success", "context":Received 0 update(s). cV=qedRWE3J6IU5fmBymvnKQS.0;server=akswtt10600000n;cloudType=Consumer;environment=Prod_japaneast_prod-s01-061-apac-japaneast;migrationStage=NotStarted}
{"logTime": "1111/092858", "correlationVector":"lTI/hFQ0HIdedUmwPMuTr6","action":"Commit Request", "result":"", "context":Item count: 40
Contributing types: Passwords}
{"logTime": "1111/092900", "correlationVector":"lTI/hFQ0HIdedUmwPMuTr6.1","action":"SyncServerConnectionManagerRequest", "result":"SYNC_SERVER_OK", "context":{"environment":"Prod_japaneast_prod-s01-061-apac-japaneast", "migrationStage":"NotStarted", "server":"akswtt10600000n"}}
{"logTime": "1111/092900", "correlationVector":"lTI/hFQ0HIdedUmwPMuTr6.2","action":"Commit Response", "result":"Success", "context":Result: Success. cV=lTI/hFQ0HIdedUmwPMuTr6.0;server=akswtt10600000n;cloudType=Consumer;environment=Prod_japaneast_prod-s01-061-apac-japaneast;migrationStage=NotStarted}
{"logTime": "1111/092900", "correlationVector":"DnfQFWoCATHIpM1l3L/0P7","action":"Commit Request", "result":"", "context":Item count: 19
Contributing types: Preferences, Passwords, Sessions, Device Info, User Consents, History}
{"logTime": "1111/092901", "correlationVector":"DnfQFWoCATHIpM1l3L/0P7.1","action":"SyncServerConnectionManagerRequest", "result":"SYNC_SERVER_OK", "context":{"environment":"Prod_southindia_prod-s01-004-apac-southindia", "migrationStage":"NotStarted", "server":"akswtt02100004p"}}
{"logTime": "1111/092901", "correlationVector":"DnfQFWoCATHIpM1l3L/0P7.2","action":"Commit Response", "result":"Success", "context":Result: Success. cV=DnfQFWoCATHIpM1l3L/0P7.0;server=akswtt02100004p;cloudType=Consumer;environment=Prod_southindia_prod-s01-004-apac-southindia;migrationStage=NotStarted}
{"logTime": "1111/092941", "correlationVector":"rWaeYy/bZ4c7B4a2iIb1c+","action":"Commit Request", "result":"", "context":Item count: 40
Contributing types: Passwords}
{"logTime": "1111/092942", "correlationVector":"rWaeYy/bZ4c7B4a2iIb1c+.1","action":"SyncServerConnectionManagerRequest", "result":"SYNC_SERVER_OK", "context":{"environment":"Prod_southeastasia_prod-s01-064-apac-southeastasia", "migrationStage":"NotStarted", "server":"akswtt10600001t"}}
{"logTime": "1111/092942", "correlationVector":"rWaeYy/bZ4c7B4a2iIb1c+.2","action":"Commit Response", "result":"Success", "context":Result: Success. cV=rWaeYy/bZ4c7B4a2iIb1c+.0;server=akswtt10600001t;cloudType=Consumer;environment=Prod_southeastasia_prod-s01-064-apac-southeastasia;migrationStage=NotStarted}
{"logTime": "1111/092942", "correlationVector":"Q81dBzdrHVSLmSItG7GTiV","action":"Commit Request", "result":"", "context":Item count: 23
Contributing types: Passwords}
{"logTime": "1111/092944", "correlationVector":"Q81dBzdrHVSLmSItG7GTiV.1","action":"SyncServerConnectionManagerRequest", "result":"SYNC_SERVER_OK", "context":{"environment":"Prod_southeastasia_prod-s01-064-apac-southeastasia", "migrationStage":"NotStarted", "server":"akswtt10600000k"}}
{"logTime": "1111/092944", "correlationVector":"Q81dBzdrHVSLmSItG7GTiV.2","action":"Commit Response", "result":"Success", "context":Result: Success. cV=Q81dBzdrHVSLmSItG7GTiV.0;server=akswtt10600000k;cloudType=Consumer;environment=Prod_southeastasia_prod-s01-064-apac-southeastasia;migrationStage=NotStarted}
{"logTime": "1111/094304", "correlationVector":"IPx2hGPbuheSQsdQ2Xq8N2","action":"Commit Request", "result":"", "context":Item count: 3
Contributing types: Sessions, History}
{"logTime": "1111/094304", "correlationVector":"IPx2hGPbuheSQsdQ2Xq8N2.1","action":"SyncServerConnectionManagerRequest", "result":"SYNC_SERVER_OK", "context":{"environment":"Prod_southeastasia_prod-s01-064-apac-southeastasia", "migrationStage":"NotStarted", "server":"akswtt10600000f"}}
{"logTime": "1111/094304", "correlationVector":"IPx2hGPbuheSQsdQ2Xq8N2.2","action":"Commit Response", "result":"Success", "context":Result: Success. cV=IPx2hGPbuheSQsdQ2Xq8N2.0;server=akswtt10600000f;cloudType=Consumer;environment=Prod_southeastasia_prod-s01-064-apac-southeastasia;migrationStage=NotStarted}
{"logTime": "1111/094306", "correlationVector":"q79HVH9H/c3lPINn3HHRpW","action":"Normal GetUpdate request", "result":"", "context":cV=q79HVH9H/c3lPINn3HHRpW
Notified types: History}
{"logTime": "1111/094306", "correlationVector":"q79HVH9H/c3lPINn3HHRpW.1","action":"SyncServerConnectionManagerRequest", "result":"SYNC_SERVER_OK", "context":{"environment":"Prod_southeastasia_prod-s01-064-apac-southeastasia", "migrationStage":"NotStarted", "server":"akswtt10600000v"}}
{"logTime": "1111/094306", "correlationVector":"q79HVH9H/c3lPINn3HHRpW.2","action":"ProcessGetUpdates", "result":"Done", "context":{"dataType":"Preferences", "deleted":"0", "process_failed_to_decrypt":"0", "process_pending_decryption":"0", "process_success":"1", "total":"1"}}
{"logTime": "1111/094306", "correlationVector":"q79HVH9H/c3lPINn3HHRpW.3","action":"ProcessGetUpdates", "result":"Done", "context":{"dataType":"Passwords", "deleted":"0", "process_failed_to_decrypt":"0", "process_pending_decryption":"0", "process_success":"63", "total":"63"}}
{"logTime": "1111/094306", "correlationVector":"q79HVH9H/c3lPINn3HHRpW.4","action":"ProcessGetUpdates", "result":"Done", "context":{"dataType":"Sessions", "deleted":"1", "process_failed_to_decrypt":"0", "process_pending_decryption":"0", "process_success":"6", "total":"6"}}
{"logTime": "1111/094306", "correlationVector":"q79HVH9H/c3lPINn3HHRpW.5","action":"ProcessGetUpdates", "result":"Done", "context":{"dataType":"Device Info", "deleted":"0", "process_failed_to_decrypt":"0", "process_pending_decryption":"0", "process_success":"1", "total":"1"}}
{"logTime": "1111/094306", "correlationVector":"q79HVH9H/c3lPINn3HHRpW.6","action":"ProcessGetUpdates", "result":"Done", "context":{"dataType":"History", "deleted":"0", "process_failed_to_decrypt":"0", "process_pending_decryption":"0", "process_success":"4", "total":"4"}}
{"logTime": "1111/094306", "correlationVector":"q79HVH9H/c3lPINn3HHRpW.7","action":"GetUpdates Response", "result":"Success", "context":Received 75 update(s). cV=q79HVH9H/c3lPINn3HHRpW.0;server=akswtt10600000v;cloudType=Consumer;environment=Prod_southeastasia_prod-s01-064-apac-southeastasia;migrationStage=NotStarted}
{"logTime": "1111/094306", "correlationVector":"X0n9aUhZXpT8hlMwXm8hlj","action":"DoCompareDataConsistency requsted types: ", "result":"Bookmarks, Preferences, Passwords, Extensions, Extension settings, History Delete Directives, Send Tab To Self, Web Apps, History, Saved Tab Group, WebAuthn Credentials, Collection, Edge E Drop, Edge Wallet, Encryption Keys"}
{"logTime": "1111/094306", "correlationVector":"X0n9aUhZXpT8hlMwXm8hlj.0","action":"CompareDataConsistency result: ", "result":"Compare result: Encryption Keys is consistent. local entities count is: 1 local entities hash is: SnCDtybIlsxZ/DsOmKyB4aI6MjE="}
{"logTime": "1111/094306", "correlationVector":"X0n9aUhZXpT8hlMwXm8hlj.1","action":"CompareDataConsistency result: ", "result":"Compare result: Bookmarks is consistent. local entities count is: 14 local entities hash is: 1plqEUjzEf6V7oih4Mw77qwamqw="}
{"logTime": "1111/094306", "correlationVector":"X0n9aUhZXpT8hlMwXm8hlj.2","action":"CompareDataConsistency result: ", "result":"Compare result: Preferences is consistent. local entities count is: 89 local entities hash is: XEE6HsqmmPXdWQw3DDNo6ZwL8kw="}
{"logTime": "1111/094306", "correlationVector":"X0n9aUhZXpT8hlMwXm8hlj.3","action":"CompareDataConsistency result: ", "result":"Compare result: Extensions is consistent. local entities count is: 0 local entities hash is: "}
{"logTime": "1111/094306", "correlationVector":"X0n9aUhZXpT8hlMwXm8hlj.4","action":"CompareDataConsistency result: ", "result":"Compare result: Extension settings is consistent. local entities count is: 0 local entities hash is: "}
{"logTime": "1111/094306", "correlationVector":"X0n9aUhZXpT8hlMwXm8hlj.5","action":"CompareDataConsistency result: ", "result":"Compare result: History Delete Directives is consistent. local entities count is: 0 local entities hash is: "}
{"logTime": "1111/094306", "correlationVector":"X0n9aUhZXpT8hlMwXm8hlj.6","action":"CompareDataConsistency result: ", "result":"Server did not send this Send Tab To Self local entities count is: 0 local entities hash is: "}
{"logTime": "1111/094306", "correlationVector":"X0n9aUhZXpT8hlMwXm8hlj.7","action":"CompareDataConsistency result: ", "result":"Compare result: Web Apps is consistent. local entities count is: 0 local entities hash is: "}
{"logTime": "1111/094306", "correlationVector":"X0n9aUhZXpT8hlMwXm8hlj.8","action":"CompareDataConsistency result: ", "result":"Server did not send this History local entities count is: 0 local entities hash is: "}
{"logTime": "1111/094306", "correlationVector":"X0n9aUhZXpT8hlMwXm8hlj.9","action":"CompareDataConsistency result: ", "result":"Compare result: Saved Tab Group is consistent. local entities count is: 0 local entities hash is: "}
{"logTime": "1111/094306", "correlationVector":"X0n9aUhZXpT8hlMwXm8hlj.10","action":"CompareDataConsistency result: ", "result":"Server did not send this WebAuthn Credentials local entities count is: 0 local entities hash is: "}
{"logTime": "1111/094306", "correlationVector":"X0n9aUhZXpT8hlMwXm8hlj.11","action":"CompareDataConsistency result: ", "result":"Compare result: Collection is consistent. local entities count is: 0 local entities hash is: "}
{"logTime": "1111/094306", "correlationVector":"X0n9aUhZXpT8hlMwXm8hlj.12","action":"CompareDataConsistency result: ", "result":"Compare result: Edge E Drop is consistent. local entities count is: 0 local entities hash is: "}
{"logTime": "1111/094306", "correlationVector":"X0n9aUhZXpT8hlMwXm8hlj.13","action":"CompareDataConsistency result: ", "result":"Compare result: Edge Wallet is consistent. local entities count is: 0 local entities hash is: "}
{"logTime": "1111/094306", "correlationVector":"X0n9aUhZXpT8hlMwXm8hlj.14","action":"CompareDataConsistency result: ", "result":"Compare result: Passwords is consistent. local entities count is: 66 local entities hash is: CWBY+1VYKxPLKlpvN/8JrTuq64o="}
{"logTime": "1111/094306", "correlationVector":"","action":"DIAGNOSTIC_REQUEST|v1/diagnosticData/Diagnostic.SendCheckResult()|SUCCESS", "result":""}
